OMA4FF\MAKEFILE
OMA4FF\BM.BAT
OMA4FF\NM.BAT
OMA4FF\WM.BAT
OMA4FF\RUN.BAT
OMA4FF\IMAGE.C
OMA4FF\OMA4FF.C
OMA4FF\RMINT86.C
OMA4FF\UIFF.C
OMA4FF\VESADRVR.C
OMA4FF\OMA4FF.CFG
OMA4FF\OMA4FF.DSK
OMA4FF\IMAGE.H
OMA4FF\SVGA.H
OMA4FF\UIFF.H
OMA4FF\VESADRVR.H
OMA4FF\OMA4FFMC.MAK
OMA4FF\OMA4FFBC.MAK
OMA4FF\OMA4FFWC.MAK
OMA4FF\CODEDIRS.PMI
OMA4FF\OMA4FF.PRJ
RUN\OMA4FF.EXE

inc\rmint86.h
inc\loadrec.h
inc\oma4phys.h
inc\wc32phys.h

SDK\files1.lst
SDK\files2.lst
SDK\cppg1.lst
SDK\cppg2.lst
SDK\himem.c
SDK\oma4phys.c
SDK\wc32phys.c
SDK\oma4si.c
SDK\testdriv.c
SDK\tcdriv.mak
SDK\tcoma4si.mak
SDK\ttstdriv.mak
SDK\tm.bat
SDK\mcdriv.mak
SDK\mcoma4si.mak
SDK\mtstdriv.mak
SDK\nm.bat
SDK\wcdriv.mak
SDK\wcoma4si.mak
SDK\wtstdriv.mak
SDK\wm.bat
SDK\pkcppg.bat

FABS\*.c
FABS\*.h
FABS\*.mak
FABS\*.bat
FABS\*.fon
FABS\*.bgi

SDKWIN/detdriv.bas
SDKWIN/omautils.bas
SDKWIN/btnlive.bmp
SDKWIN/btnaccm.bmp
SDKWIN/windll.c
SDKWIN/winphys.c
SDKWIN/winphys.h
SDKWIN/oma4tst.def
SDKWIN/oma4win.def
SDKWIN/oma4win.dll
SDKWIN/oma4win.dsk
SDKWIN/oma4ctrl.exe
SDKWIN/fileform.frm
SDKWIN/grfdata.frm
SDKWIN/oma4win.frm
SDKWIN/oma4win.lib
SDKWIN/oma4ctrl.mak
SDKWIN/oma4win.mak
SDKWIN/oma4win.map
SDKWIN/oma4win.obr
SDKWIN/oma4win.pdb
SDKWIN/oma4win.prj
SDKWIN/oma4win.vcw
SDKWIN/oma4win.wsp
SDKWIN/pkcppg.bat
SDKWIN/cppg.lst
SDKWIN/files.lst

