basedisp\basedisp.aps
basedisp\makehelp.bat
basedisp\mkblt.bat
basedisp\basedisp.clw
basedisp\baseddoc.cpp
basedisp\basedisp.cpp
basedisp\basedvw.cpp
basedisp\ipframe.cpp
basedisp\mainfrm.cpp
basedisp\mydlgbar.cpp
basedisp\oleitem.cpp
basedisp\omablt.asm
basedisp\stdafx.cpp
basedisp\basedisp.def
basedisp\baseddoc.h
basedisp\basedisp.h
basedisp\basedvw.h
basedisp\ipframe.h
basedisp\mainfrm.h
basedisp\mydlgbar.h
basedisp\oleitem.h
basedisp\resource.h
basedisp\stdafx.h
basedisp\basedisp.hlp
basedisp\basedisp.hpj
basedisp\basedisp.mak
basedisp\basedisp.ph
basedisp\basedisp.rc
basedisp\hlp\appexit.bmp
basedisp\hlp\bullet.bmp
basedisp\hlp\curarw2.bmp
basedisp\hlp\curarw4.bmp
basedisp\hlp\curhelp.bmp
basedisp\hlp\editcopy.bmp
basedisp\hlp\editcut.bmp
basedisp\hlp\editpast.bmp
basedisp\hlp\editundo.bmp
basedisp\hlp\filenew.bmp
basedisp\hlp\fileopen.bmp
basedisp\hlp\fileprnt.bmp
basedisp\hlp\filesave.bmp
basedisp\hlp\hlpsbar.bmp
basedisp\hlp\hlptbar.bmp
basedisp\hlp\recfirst.bmp
basedisp\hlp\reclast.bmp
basedisp\hlp\recnext.bmp
basedisp\hlp\recprev.bmp
basedisp\hlp\scmax.bmp
basedisp\hlp\scmenu.bmp
basedisp\hlp\scmin.bmp
basedisp\hlp\basedisp.hm
basedisp\hlp\afxcore.rtf
basedisp\hlp\afxprint.rtf
basedisp\res\vflip.bmp
basedisp\res\hflip.bmp
basedisp\res\slid2idx.bmp
basedisp\res\slidehdl.bmp
basedisp\res\slideidx.bmp
basedisp\res\slidemsk.bmp
basedisp\res\toolbar.bmp
basedisp\res\basedisp.ico
basedisp\res\brite.ico
basedisp\res\cont.ico
basedisp\res\brite.bmp
basedisp\res\cont.bmp
basedisp\res\zoom.bmp
basedisp\res\zfrm.bmp
basedisp\res\basedisp.rc2
