MAIN\CONVERT.ASM
MAIN\INT24.ASM
MAIN\MCIBPAR.ASM
MAIN\PA.ASM
MAIN\PLOT.ASM
MAIN\VDATA.ASM
MAIN\4000.BAT
MAIN\D.BAT
MAIN\DBG.BAT
MAIN\RMK.BAT
MAIN\ACCESS4.C
MAIN\AUTOPEAK.C
MAIN\AUTOSCAL.C
MAIN\BACKGRND.C
MAIN\BASEPATH.C
MAIN\BASLNSUB.C
MAIN\CACHE386.C
MAIN\CALIB.C
MAIN\CHANGE.C
MAIN\CMDTBL.C
MAIN\CNTRLOMA.C
MAIN\CONFIG.C
MAIN\COOLSTAT.C
MAIN\CRVENTRY.C
MAIN\CRVHDR35.C
MAIN\CURSOR.C
MAIN\CURVBUFR.C
MAIN\CURVDRAW.C
MAIN\CURVEDIR.C
MAIN\D16MPHYS.C
MAIN\DETDRIV.C
MAIN\DETINFO.C
MAIN\DEVICE.C
MAIN\DI_UTIL.C
MAIN\DOPLOT.C
MAIN\DOSSHELL.C
MAIN\FCOLOR.C
MAIN\FILEDOS.C
MAIN\FILEFORM.C
MAIN\FKEYFUNC.C
MAIN\FORMTABS.C
MAIN\GPIBCOM.C
MAIN\GRAFMOUS.C
MAIN\GRAPHOPS.C
MAIN\HLINE.C
MAIN\LINEPLOT.C
MAIN\LIVE.C
MAIN\LIVEDISK.C
MAIN\LOADOMA.C
MAIN\MACROFRM.C
MAIN\MALLOC16.C
MAIN\MATHFORM.C
MAIN\MULTI.C
MAIN\OMA4000.C
MAIN\OMA4TIFF.C
MAIN\OMAERROR.C
MAIN\OMAFORM1.C
MAIN\OMAMENU.C
MAIN\OMAMETH.C
MAIN\OMAZOOM.C
MAIN\PLOTBOX.C
MAIN\PLOTSET.C
MAIN\PLTSETUP.C
MAIN\POINTS.C
MAIN\RAPSET.C
MAIN\READTCL.C
MAIN\RUNFORMS.C
MAIN\RUNSETUP.C
MAIN\SCANSET.C
MAIN\SPGRAPH.C
MAIN\SPLINE-3.C
MAIN\SPLITFRM.C
MAIN\STATFORM.C
MAIN\SYMBOL.C
MAIN\TAGCURVE.C
MAIN\TEMPDATA.C
MAIN\WINTAGS.C
MAIN\YCALIB.C
MAIN\OMA4000.DEP
MAIN\PROJECT.GEN
MAIN\RUN.MAC
MAIN\MAKEFILE
MAIN\OMA4DIRS.PMI
