MACRO/FORMLIST.C
MACRO/MACCOMP.C
MACRO/MACNRES.C
MACRO/MACNRES2.C
MACRO/MACNRES3.C
MACRO/MACPARSE.C
MACRO/MACRECOR.C
MACRO/MACRES2.C
MACRO/MACRORES.C
MACRO/MACRUNTM.C
MACRO/MACSKEL.C
MACRO/MACSYMBL.C
MACRO/MDATSTAK.C
MACRO/PROCLIST.C
MACRO/MACPARSE.GRM
MACRO/MATHPARS.GRM
MACRO/MACPARSE.NEW
MACRO/MACPARSE.TBL
INC/ACCESS4.H
INC/ASICODES.H
INC/AUTOPEAK.H
INC/AUTOSCAL.H
INC/BACKGRND.H
INC/BASEPATH.H
INC/BASLNSUB.H
INC/CACHE386.H
INC/CALIB.H
INC/CHANGE.H
INC\CMDTBL.H
INC/CNTRLOMA.H
INC/CONFIG.H
INC/COOLSTAT.H
INC/COUNTERS.H
INC/CRVENTRY.H
INC/CRVHDR35.H
INC/CRVHEADR.H
INC/CURSOR.H
INC/CURVBUFR.H
INC/CURVDRAW.H
INC/CURVEDIR.H
INC/D16MPHYS.H
INC/DETDRIV.H
INC/DETINFO.H
INC/DETSETUP.H
INC/DEVICE.H
INC/DI_UTIL.H
INC/DOPLOT.H
INC/DOSSHELL.H
INC/DRIVERRS.H
INC/FCOLOR.H
INC/FILESTUF.H
INC/FKEYFUNC.H
INC/FORMTABS.H
INC/GPIBCOM.H
INC/GRAFMOUS.H
INC/GRAPHOPS.H
INC/HANDY.H
INC/HELPINDX.H
INC/HIDRIS.H
INC/HIMEM.H
INC/HLINE.H
INC/KSINDEX.H
INC/LINEPLOT.H
INC/LIVE.H
INC/LIVEDISK.H
INC/LOADOMA.H
INC/LOADREC.H
INC/MACCOMP.H
INC/MACNRES.H
INC/MACNRES2.H
INC/MACNRES3.H
INC/MACPARSE.H
INC/MACPRODX.H
INC/MACRECOR.H
INC/MACRES2.H
INC/MACROFRM.H
INC/MACRORES.H
INC/MACRUNTM.H
INC/MACSYMBL.H
INC/MATHFORM.H
INC/MATHOPS.H
INC/MDATSTAK.H
INC/MONITOR.H
INC/MULTI.H
INC/OMA4TIFF.H
INC/OMA4000.H
INC/OMA4SCAN.H
INC/OMAERROR.H
INC/OMAFORM.H
INC/OMAMENU.H
INC/OMAMETH.H
INC/OMAREGS.H
INC/OMAZOOM.H
INC/PLOTBOX.H
INC/PLTSETUP.H
INC/POINTS.H
INC/PRDXSKEL.H
INC/PRIMTYPE.H
INC/RAPDA.H
INC/RAPSET.H
INC/RUNFORMS.H
INC/RUNSETUP.H
INC/SCANSET.H
INC/FILEFORM.H
INC/SPGRAPH.H
INC/SPLINE-3.H
INC/SPLITFRM.H
INC/STATFORM.H
INC/SYMBOL.H
INC/SYSERROR.H
INC/TAGCURVE.H
INC/TEMPDATA.H
INC/WINTAGS.H
INC/YCALIB.H
INC/DOS16M.INC
INC/ERROR.INC
INC/OMA35TYP.INC
INC/OMATYP.INC
INC/PLOT.INC
FORMS/LVID.ASM
FORMS/BARMENU.C
FORMS/COLORS.C
FORMS/FILEMSG.C
FORMS/FLTFLD.C
FORMS/FORMS.C
FORMS/FORMWIND.C
FORMS/FRMATFLD.C
FORMS/HXINTFLD.C
FORMS/INTFLD.C
FORMS/KEYIBMPC.C
FORMS/MOUSEFRM.C
FORMS/MOUSEGSS.C
FORMS/MOUSERAW.C
FORMS/RMINTFLD.C
FORMS/SCFLTFLD.C
FORMS/SCRLFORM.C
FORMS/SCRNGSS.C
FORMS/SCRNRAW.C
FORMS/SELCTFLD.C
FORMS/TGLFLD.C
FORMS/UNINTFLD.C
FORMS/INC/BARMENU.H
FORMS/INC/FILEMSG.H
FORMS/INC/FORMS.H
FORMS/INC/FORMTYPE.H
FORMS/INC/FORMWIND.H
C:\TOOLS\DOS16M\SOURCE\DOS16.H
C:\TOOLS\DOS16M\SOURCE\DOS16.INC
C:\TOOLS\DOS16M\SOURCE\RUN.MAC
C:\TOOLS\GPIB\DECL.H
C:\TOOLS\GSS\INC\CGIBIND.H
.\MAKETAG.BAT
.\CPPG1.LST
.\CPPG2.LST
.\CPPG3.LST
.\CPPG4.LST
.\CPPG5.LST
.\CPPG6.LST
.\CPPG1.BAT
.\CPPG2.BAT
.\CPPG3.BAT
.\CPPG4.BAT
.\CPPG5.BAT
.\CPPG6.BAT
.\PKSYNC.BAT
RUN\OMA4000.ERS
RUN\OMA4000.HLP
RUN\CPPG1.BAT
RUN\CPPG2.BAT
RUN\CPPG1.LST
RUN\CPPG2.LST
RUN\PKCPPG.BAT
RUN\SVGA.LST
RUN\PROGRAM.DAT
RUN\READ.ME
RUN\CGI.VGA
