files2.lst

..\run\monitor.bin
..\run\scans.abj
..\run\scans.dbj

..\detect\mmscans.dac
..\detect\mmscans.asc
..\detect\eevscans.dac
..\detect\eevscans.asc
..\detect\specscan.dac
..\detect\specscan.asc
..\detect\smscans.dac
..\detect\smscans.asc
..\detect\1ksqscan.dac
..\detect\1ksqscan.asc

..\detect\sccommon.asc
..\detect\alcommon.asc

..\detect\standard.dac  
..\detect\ontrig.dac
..\detect\darkrate.dac
..\detect\gain.dac    
..\detect\ident2.dac  
..\detect\init.dac    
..\detect\kclean.dac
..\detect\autoback.dac
..\detect\piatest.dac
..\detect\user.dac    

..\detect\omacp.inc
..\detect\hooks.inc
..\detect\dac.mac
..\detect\ops.add
..\detect\ccd512tc.inc
..\detect\ccd512ts.inc
..\detect\ccd256sp.inc
..\detect\ccdeev.inc
..\detect\ccd1ksq.inc

..\run\mmscans.dbj
..\run\mmscans.abj
..\run\eevscans.dbj
..\run\eevscans.abj
..\run\specscan.dbj
..\run\specscan.abj
..\run\smscans.dbj
..\run\smscans.abj
..\run\1ksqscan.abj
..\run\1ksqscan.dbj

\util\bigdump.exe
..\run\oma4.exe
..\run\empoke.exe
..\detect\oma4c.bat

