disk2.id
oma4000.ers
oma4000.mac
default.met
c:\util\v.com
oma4.exe
colors.exe
monitor.bin
scans.abj
scans.dbj
mmscans.abj
mmscans.dbj
smscans.abj
smscans.dbj
specscan.abj
specscan.dbj
eevscans.abj
eevscans.dbj
1ksqscan.abj
1ksqscan.dbj

dtt.dat
demo.key
..\pas\fabs.pas
..\pas\com.pas
..\pas\crr.pas
..\pas\cvtdata.pas  
..\pas\filenum.pas  
..\pas\hiresyt.pas
..\pas\lyt.pas
..\pas\metoffst.pas
..\pas\ratio.pas
..\pas\sdemo.pas
..\pas\splice.pas
..\pas\strings.pas  
read.me
par.ico

..\detect\1ksqscan.asc
..\detect\1ksqscan.dac
..\detect\eevscans.asc
..\detect\eevscans.dac
..\detect\mmscans.asc
..\detect\mmscans.dac
..\detect\smscans.asc
..\detect\smscans.dac
..\detect\specscan.asc
..\detect\specscan.dac
..\detect\sccommon.asc
..\detect\alcommon.asc
..\detect\switcher.asc
..\detect\ident2.dac
..\detect\init.dac
..\detect\kclean.dac
..\detect\standard.dac
..\detect\ontrig.dac
..\detect\autoback.dac
..\detect\piatest.dac
..\detect\user.dac
..\detect\da_9.dac
..\detect\switcher.dac

..\detect\ccd1ksq.inc
..\detect\ccd512tc.inc
..\detect\ccd512ts.inc
..\detect\ccd256sp.inc
..\detect\ccdeev.inc
..\detect\omacp.inc
..\detect\hooks.inc
..\detect\dac.mac
..\detect\ops.add
..\detect\oma4c.bat

disk1.id
program.dat
oma4000.exe
oma4000.clr
oma4000.fld
oma4000.frm
oma4000.hlp

